inputs/good.mbx X-Bogosity: Ham, message_id=<3DC259A6.2020800@riconet.net>
inputs/good.mbx X-Bogosity: Ham, message_id=<20021101112024.GA1280@athame.dynagen.on.ca>
inputs/good.mbx X-Bogosity: Ham, message_id=<20021101113205.163A317E906@oak.example.com>
inputs/good.mbx X-Bogosity: Ham, message_id=<20021101113804.GA1499@athame.dynagen.on.ca>
inputs/good.mbx X-Bogosity: Ham, message_id=<1961754.1036152508913.JavaMail.root@abv-sfo1-ac-agent6>
inputs/good.mbx X-Bogosity: Ham, message_id=<200211011226.EAA16707@hpsdlx.shdp.com>
inputs/good.mbx X-Bogosity: Ham, message_id=<3293.1036154038@www24.gmx.net>
inputs/good.mbx X-Bogosity: Ham, message_id=<3DC276BB.1000000@riconet.net>
inputs/good.mbx X-Bogosity: Ham, message_id=<C823AC1DB499D511BB7C00B0D0F0574C1DF6E0@serverdell2200.interclean.com>
inputs/good.mbx X-Bogosity: Ham, message_id=<3DC284EA.10402@villanova.edu>
inputs/good.mbx X-Bogosity: Ham, message_id=<20021101135119.GA2554@athame.dynagen.on.ca>
inputs/good.mbx X-Bogosity: Ham, message_id=<FJEHIGBPBPNLNGJDEFNNKEGKCBAA.logic.7@comcast.net>
inputs/good.mbx X-Bogosity: Ham, message_id=<200211010910.05041.praedor@yahoo.com>
inputs/good.mbx X-Bogosity: Ham, message_id=<1036161672.2448.36.camel@tamriel.terranforge.com>
inputs/good.mbx X-Bogosity: Ham, message_id=<20021101145413.GA1244@athame.dynagen.on.ca>
inputs/good.mbx X-Bogosity: Ham, message_id=<9B5F92C2B565D511937C0008C786B37C01A1A668@mail2.jacksonnational.com>
inputs/good.mbx X-Bogosity: Ham, message_id=<20021101151303.24516.qmail@senator-bedfellow.mit.edu>
inputs/good.mbx X-Bogosity: Ham, message_id=<INTM-6402291-2160059-2002.11.01-07.20.48--smythe#example.com@list4.internet.com>
inputs/good.mbx X-Bogosity: Ham, message_id=<20021101153838.4FD9632A23@asgard.iproduction.com>
inputs/good.mbx X-Bogosity: Ham, message_id=<20021101160045.GA1698@athame.dynagen.on.ca>
inputs/good.mbx X-Bogosity: Ham, message_id=<200211011619.IAA05556@ugu.com>
inputs/good.mbx X-Bogosity: Ham, message_id=<20021101162159.GA1914@athame.dynagen.on.ca>
inputs/good.mbx X-Bogosity: Ham, message_id=<200211011118.43401.praedor@yahoo.com>
inputs/good.mbx X-Bogosity: Ham, message_id=<Pine.LNX.4.44.0211011758140.16360-100000@johan.ankarloo.nu>
inputs/good.mbx X-Bogosity: Ham, message_id=<200211011715.gA1HFSQ10258@mail.mindspring.com>
inputs/good.mbx X-Bogosity: Ham, message_id=<D3BE939A5A089843851277EF4BAC084B27D70F@rseem-mail.rseem.com>
inputs/good.mbx X-Bogosity: Ham, message_id=<20021101175306.F17A4280E1@example.com>
inputs/good.mbx X-Bogosity: Ham, message_id=<20021101180217.GA2454@athame.dynagen.on.ca>
inputs/good.mbx X-Bogosity: Ham, message_id=<AA-E764F307C3E07B87AFC01B36718B7A70-ZZ@www7.prodigy.net>
inputs/good.mbx X-Bogosity: Ham, message_id=<2961F29E9CFED4118E5700B0D068B70B0348E945@exchange1.nku.edu>
inputs/good.mbx X-Bogosity: Ham, message_id=<20021101190050.GA2824@athame.dynagen.on.ca>
inputs/good.mbx X-Bogosity: Ham, message_id=<1036178597.3222.24.camel@chupacabra.monkeynoodle.org>
inputs/good.mbx X-Bogosity: Ham, message_id=<Pine.LNX.4.44.0211011443110.9127-100000@helios.digitalhermit.com>
inputs/good.mbx X-Bogosity: Ham, message_id=<20021101202942.GA1293@athame.dynagen.on.ca>
inputs/good.mbx X-Bogosity: Ham, message_id=<20021101210001.173BC17E906@oak.example.com>
inputs/good.mbx X-Bogosity: Ham, message_id=<web-45604712@sunpro.net>
inputs/good.mbx X-Bogosity: Ham, message_id=<LNBBLJKPBEHFEDALKOLCGEBPCFAB.tim.one@comcast.net>
inputs/good.mbx X-Bogosity: Ham, message_id=<Kilauea66902-26637-27690183-0@flonetwork.com>
inputs/good.mbx X-Bogosity: Ham, message_id=<20021101222642.GB3791@dman.com>
inputs/good.mbx X-Bogosity: Ham, message_id=<1320492.1036190947757.JavaMail.root@abv-sfo1-ac-agent7>
inputs/good.mbx X-Bogosity: Ham, message_id=<MJEHLHJKGINLONDMMKNEAEEOHFAA.seant@iname.com>
inputs/good.mbx X-Bogosity: Ham, message_id=<20021101225546.GA2326@athame.dynagen.on.ca>
inputs/good.mbx X-Bogosity: Ham, message_id=<15811.3035.967754.435766@slothrop.zope.com>
inputs/good.mbx X-Bogosity: Ham, message_id=<1036198807.13996.4.camel@squash.scalabledynamics.com>
inputs/good.mbx X-Bogosity: Ham, message_id=<021101205957.533f@aadl.annarbor.lib.mi.us>
inputs/good.mbx X-Bogosity: Ham, message_id=<02110121463800.15605@glen.organic-earth.com>
inputs/good.mbx X-Bogosity: Ham, message_id=<3.0.32.20021101215025.00a616c8@pop.east.cox.net>
inputs/good.mbx X-Bogosity: Ham, message_id=<3DC35680.6010502@riconet.net>
inputs/spam.mbx X-Bogosity: Spam, message_id=MID-16415-1507360
inputs/spam.mbx X-Bogosity: Spam, message_id=<1036142619.28395@eros.rbidaho.net>
inputs/spam.mbx X-Bogosity: Spam, message_id=<108284.5689.394515540-1463792382-1036132992@topica.com>
inputs/spam.mbx X-Bogosity: Spam, message_id=<22-8586-418714@transport31.azogle.com>
inputs/spam.mbx X-Bogosity: Spam, message_id=<20021101175950.4DB23280E1@example.com>
inputs/spam.mbx X-Bogosity: Spam, message_id=<20021101181213.9BBBD280E1@example.com>
inputs/spam.mbx X-Bogosity: Spam, message_id=<Kilauea34340-8589-70181775-1@flonetwork.com>
inputs/spam.mbx X-Bogosity: Spam, message_id=<22-8587-418714@transport10.azogle.com>
inputs/spam.mbx X-Bogosity: Spam, message_id=<200211012044.gA1KiWJ88714@mail7.transcentives.net>
inputs/spam.mbx X-Bogosity: Spam, message_id=<20021101222724.91023280E1@example.com>
inputs/spam.mbx X-Bogosity: Spam, message_id=<1036199122.2745@mail141.gooberfoob.com>
inputs/spam.mbx X-Bogosity: Spam, message_id=<20021101235404.C687E280E1@example.com>
inputs/spam.mbx X-Bogosity: Spam, message_id=<20021102005756.BA372280E2@example.com>
inputs/spam.mbx X-Bogosity: Spam, message_id=<20021102010258.C79CA280E2@example.com>
inputs/spam.mbx X-Bogosity: Spam, message_id=<22-8588-418714@transport4.azogle.com>
inputs/spam.mbx X-Bogosity: Spam, message_id=<20021102021243.14469.qmail@mtsbp524.opmnet.net>
inputs/spam.mbx X-Bogosity: Spam, message_id=<20021102033055.C8327280E1@example.com>
inputs/spam.mbx X-Bogosity: Spam, message_id=<20021102034934.D0228280E1@example.com>
inputs/spam.mbx X-Bogosity: Spam, message_id=<20021102040140.5BBC7280E1@example.com>
inputs/spam.mbx X-Bogosity: Spam, message_id=<20021102044614.14B97280E1@example.com>
inputs/spam.mbx X-Bogosity: Spam, message_id=<200211011710.gA1HARh07450@mail7.transcentives.net>
