inputs/good.mbx X-Bogosity: Ham, message_addr=242.21.90.239
inputs/good.mbx X-Bogosity: Ham, message_addr=240.138.93.2
inputs/good.mbx X-Bogosity: Ham, message_addr=219.168.1.10
inputs/good.mbx X-Bogosity: Ham, message_addr=240.138.93.2
inputs/good.mbx X-Bogosity: Ham, message_addr=208.16.1.169
inputs/good.mbx X-Bogosity: Ham, message_addr=192.6.114.30
inputs/good.mbx X-Bogosity: Ham, message_addr=63.209.80.248
inputs/good.mbx X-Bogosity: Ham, message_addr=66.28.209.210
inputs/good.mbx X-Bogosity: Ham, message_addr=198.111.176.9
inputs/good.mbx X-Bogosity: Ham, message_addr=63.209.80.248
inputs/good.mbx X-Bogosity: Ham, message_addr=240.138.93.2
inputs/good.mbx X-Bogosity: Ham, message_addr=63.209.80.248
inputs/good.mbx X-Bogosity: Ham, message_addr=63.209.80.248
inputs/good.mbx X-Bogosity: Ham, message_addr=63.209.80.248
inputs/good.mbx X-Bogosity: Ham, message_addr=240.138.93.2
inputs/good.mbx X-Bogosity: Ham, message_addr=242.21.90.239
inputs/good.mbx X-Bogosity: Ham, message_addr=18.181.0.25
inputs/good.mbx X-Bogosity: Ham, message_addr=216.91.57.134
inputs/good.mbx X-Bogosity: Ham, message_addr=208.10.173.199
inputs/good.mbx X-Bogosity: Ham, message_addr=240.138.93.2
inputs/good.mbx X-Bogosity: Ham, message_addr=208.179.92.72
inputs/good.mbx X-Bogosity: Ham, message_addr=240.138.93.2
inputs/good.mbx X-Bogosity: Ham, message_addr=63.209.80.248
inputs/good.mbx X-Bogosity: Ham, message_addr=63.209.80.248
inputs/good.mbx X-Bogosity: Ham, message_addr=207.69.200.60
inputs/good.mbx X-Bogosity: Ham, message_addr=209.0.176.201
inputs/good.mbx X-Bogosity: Ham, message_addr=UNKNOWN
inputs/good.mbx X-Bogosity: Ham, message_addr=240.138.93.2
inputs/good.mbx X-Bogosity: Ham, message_addr=63.209.80.248
inputs/good.mbx X-Bogosity: Ham, message_addr=63.209.80.248
inputs/good.mbx X-Bogosity: Ham, message_addr=240.138.93.2
inputs/good.mbx X-Bogosity: Ham, message_addr=63.209.80.248
inputs/good.mbx X-Bogosity: Ham, message_addr=63.209.80.248
inputs/good.mbx X-Bogosity: Ham, message_addr=240.138.93.2
inputs/good.mbx X-Bogosity: Ham, message_addr=219.168.1.10
inputs/good.mbx X-Bogosity: Ham, message_addr=216.86.64.42
inputs/good.mbx X-Bogosity: Ham, message_addr=12.155.117.29
inputs/good.mbx X-Bogosity: Ham, message_addr=216.73.90.107
inputs/good.mbx X-Bogosity: Ham, message_addr=208.137.16.31
inputs/good.mbx X-Bogosity: Ham, message_addr=208.16.1.163
inputs/good.mbx X-Bogosity: Ham, message_addr=12.155.117.29
inputs/good.mbx X-Bogosity: Ham, message_addr=240.138.93.2
inputs/good.mbx X-Bogosity: Ham, message_addr=12.155.117.29
inputs/good.mbx X-Bogosity: Ham, message_addr=242.21.90.239
inputs/good.mbx X-Bogosity: Ham, message_addr=240.38.6.9
inputs/good.mbx X-Bogosity: Ham, message_addr=242.21.90.239
inputs/good.mbx X-Bogosity: Ham, message_addr=63.209.80.248
inputs/good.mbx X-Bogosity: Ham, message_addr=242.21.90.239
inputs/spam.mbx X-Bogosity: Spam, message_addr=64.253.199.168
inputs/spam.mbx X-Bogosity: Spam, message_addr=209.132.232.123
inputs/spam.mbx X-Bogosity: Spam, message_addr=66.180.247.22
inputs/spam.mbx X-Bogosity: Spam, message_addr=66.46.150.35
inputs/spam.mbx X-Bogosity: Spam, message_addr=66.216.107.148
inputs/spam.mbx X-Bogosity: Spam, message_addr=216.52.222.173
inputs/spam.mbx X-Bogosity: Spam, message_addr=216.73.90.45
inputs/spam.mbx X-Bogosity: Spam, message_addr=66.46.150.14
inputs/spam.mbx X-Bogosity: Spam, message_addr=216.23.198.157
inputs/spam.mbx X-Bogosity: Spam, message_addr=64.49.250.134
inputs/spam.mbx X-Bogosity: Spam, message_addr=209.236.57.141
inputs/spam.mbx X-Bogosity: Spam, message_addr=66.216.107.239
inputs/spam.mbx X-Bogosity: Spam, message_addr=209.236.57.228
inputs/spam.mbx X-Bogosity: Spam, message_addr=66.216.110.163
inputs/spam.mbx X-Bogosity: Spam, message_addr=66.46.150.8
inputs/spam.mbx X-Bogosity: Spam, message_addr=209.236.57.188
inputs/spam.mbx X-Bogosity: Spam, message_addr=216.109.92.210
inputs/spam.mbx X-Bogosity: Spam, message_addr=216.52.222.183
inputs/spam.mbx X-Bogosity: Spam, message_addr=64.49.241.142
inputs/spam.mbx X-Bogosity: Spam, message_addr=66.239.2.70
inputs/spam.mbx X-Bogosity: Spam, message_addr=216.23.198.157
