inputs/good.mbx X-Bogosity: Ham, queue_id=ADE5027F82
inputs/good.mbx X-Bogosity: Ham, queue_id=F007927F82
inputs/good.mbx X-Bogosity: Ham, queue_id=9156627F82
inputs/good.mbx X-Bogosity: Ham, queue_id=B081C27F82
inputs/good.mbx X-Bogosity: Ham, queue_id=AC46827F82
inputs/good.mbx X-Bogosity: Ham, queue_id=8D33527F82
inputs/good.mbx X-Bogosity: Ham, queue_id=E027527F82
inputs/good.mbx X-Bogosity: Ham, queue_id=1599227F82
inputs/good.mbx X-Bogosity: Ham, queue_id=6DDFB280E1
inputs/good.mbx X-Bogosity: Ham, queue_id=05D1E280E1
inputs/good.mbx X-Bogosity: Ham, queue_id=DBB38280E1
inputs/good.mbx X-Bogosity: Ham, queue_id=7F30C280E1
inputs/good.mbx X-Bogosity: Ham, queue_id=91F00280E1
inputs/good.mbx X-Bogosity: Ham, queue_id=E1655280E1
inputs/good.mbx X-Bogosity: Ham, queue_id=7BE3D280E1
inputs/good.mbx X-Bogosity: Ham, queue_id=99A92280E1
inputs/good.mbx X-Bogosity: Ham, queue_id=6380B280E1
inputs/good.mbx X-Bogosity: Ham, queue_id=63398280E1
inputs/good.mbx X-Bogosity: Ham, queue_id=75C54280E1
inputs/good.mbx X-Bogosity: Ham, queue_id=EC323280E2
inputs/good.mbx X-Bogosity: Ham, queue_id=66F6B280E1
inputs/good.mbx X-Bogosity: Ham, queue_id=DEAAE280E1
inputs/good.mbx X-Bogosity: Ham, queue_id=1A076280E1
inputs/good.mbx X-Bogosity: Ham, queue_id=88FE0280E1
inputs/good.mbx X-Bogosity: Ham, queue_id=C8097280E1
inputs/good.mbx X-Bogosity: Ham, queue_id=273E2280E1
inputs/good.mbx X-Bogosity: Ham, queue_id=F17A4280E1
inputs/good.mbx X-Bogosity: Ham, queue_id=9D30D280E1
inputs/good.mbx X-Bogosity: Ham, queue_id=4884827F7F
inputs/good.mbx X-Bogosity: Ham, queue_id=19857280E1
inputs/good.mbx X-Bogosity: Ham, queue_id=03EEA280E1
inputs/good.mbx X-Bogosity: Ham, queue_id=25CF0280E1
inputs/good.mbx X-Bogosity: Ham, queue_id=8FFA5280E1
inputs/good.mbx X-Bogosity: Ham, queue_id=10A0B280E1
inputs/good.mbx X-Bogosity: Ham, queue_id=DB718280E1
inputs/good.mbx X-Bogosity: Ham, queue_id=03B3B280E1
inputs/good.mbx X-Bogosity: Ham, queue_id=638B1280E1
inputs/good.mbx X-Bogosity: Ham, queue_id=BF985280E1
inputs/good.mbx X-Bogosity: Ham, queue_id=EA0D4280E2
inputs/good.mbx X-Bogosity: Ham, queue_id=A0549280E1
inputs/good.mbx X-Bogosity: Ham, queue_id=AB690280E1
inputs/good.mbx X-Bogosity: Ham, queue_id=2F369280E1
inputs/good.mbx X-Bogosity: Ham, queue_id=667A2280E1
inputs/good.mbx X-Bogosity: Ham, queue_id=F2BEC280E2
inputs/good.mbx X-Bogosity: Ham, queue_id=EB329280E1
inputs/good.mbx X-Bogosity: Ham, queue_id=EB49D280E1
inputs/good.mbx X-Bogosity: Ham, queue_id=744DA280E1
inputs/good.mbx X-Bogosity: Ham, queue_id=D6150280E1
inputs/spam.mbx X-Bogosity: Spam, queue_id=CC48C280E1
inputs/spam.mbx X-Bogosity: Spam, queue_id=8720427F82
inputs/spam.mbx X-Bogosity: Spam, queue_id=F213D27F82
inputs/spam.mbx X-Bogosity: Spam, queue_id=2901C280E1
inputs/spam.mbx X-Bogosity: Spam, queue_id=4DB23280E1
inputs/spam.mbx X-Bogosity: Spam, queue_id=9BBBD280E1
inputs/spam.mbx X-Bogosity: Spam, queue_id=A264927F7F
inputs/spam.mbx X-Bogosity: Spam, queue_id=47FAA280E1
inputs/spam.mbx X-Bogosity: Spam, queue_id=9D425280E1
inputs/spam.mbx X-Bogosity: Spam, queue_id=91023280E1
inputs/spam.mbx X-Bogosity: Spam, queue_id=37183280E1
inputs/spam.mbx X-Bogosity: Spam, queue_id=C687E280E1
inputs/spam.mbx X-Bogosity: Spam, queue_id=BA372280E2
inputs/spam.mbx X-Bogosity: Spam, queue_id=C79CA280E2
inputs/spam.mbx X-Bogosity: Spam, queue_id=6139F280E1
inputs/spam.mbx X-Bogosity: Spam, queue_id=88245280E1
inputs/spam.mbx X-Bogosity: Spam, queue_id=C8327280E1
inputs/spam.mbx X-Bogosity: Spam, queue_id=D0228280E1
inputs/spam.mbx X-Bogosity: Spam, queue_id=5BBC7280E1
inputs/spam.mbx X-Bogosity: Spam, queue_id=14B97280E1
inputs/spam.mbx X-Bogosity: Spam, queue_id=9CEEC280E1
