#### 1: score message using each wordlist ####

ignore:     X-Bogosity: Unsure, tests=bogofilter, spamicity=0.520000
system:     X-Bogosity: Ham, tests=bogofilter, spamicity=0.213252
user:       X-Bogosity: Ham, tests=bogofilter, spamicity=0.227632
wordlist:   X-Bogosity: Ham, tests=bogofilter, spamicity=0.246543

#### 1: score message using each config file ####

Using default.cf:
X-Bogosity: Ham, tests=bogofilter, spamicity=0.246543
                                      n    pgood     pbad      fw     U
"common"                              9  7.000000  2.000000  0.222810 +
"ignore"                              9  7.000000  2.000000  0.222810 +
"word_low"                            9  7.000000  2.000000  0.222810 +
"message"                             0  0.000000  0.000000  0.520000 -
"system_hi"                           0  0.000000  0.000000  0.520000 -
"system_low"                          0  0.000000  0.000000  0.520000 -
"user_hi"                             0  0.000000  0.000000  0.520000 -
"user_low"                            0  0.000000  0.000000  0.520000 -
"word_hi"                             9  2.000000  7.000000  0.777269 +
N_P_Q_S_s_x_md                        4  0.807830  0.300917  0.246543
                                         0.017800  0.520000  0.100000

Using ign_reg.cf:
X-Bogosity: Ham, tests=bogofilter, spamicity=0.346753
                                      n    pgood     pbad      fw     U
"common"                              9  7.000000  2.000000  0.222810 +
"word_low"                            9  7.000000  2.000000  0.222810 +
"ignore"                              0  --------  --------  0.520000 i
"message"                             0  0.000000  0.000000  0.520000 -
"system_hi"                           0  --------  --------  0.520000 i
"system_low"                          0  0.000000  0.000000  0.520000 -
"user_hi"                             0  0.000000  0.000000  0.520000 -
"user_low"                            0  --------  --------  0.520000 i
"word_hi"                             9  2.000000  7.000000  0.777269 +
N_P_Q_S_s_x_md                        3  0.675071  0.368576  0.346753
                                         0.017800  0.520000  0.100000

Using ign_usr_sys.cf:
X-Bogosity: Ham, tests=bogofilter, spamicity=0.317310
                                      n    pgood     pbad      fw     U
"system_low"                         11  0.818182  0.181818  0.182365 +
"common"                             21  1.545455  0.363636  0.190755 +
"ignore"                              0  --------  --------  0.520000 i
"message"                             0  0.000000  0.000000  0.520000 -
"system_hi"                           0  --------  --------  0.520000 i
"user_low"                            0  --------  --------  0.520000 i
"word_hi"                             0  0.000000  0.000000  0.520000 -
"word_low"                            0  0.000000  0.000000  0.520000 -
"user_hi"                            10  0.181818  0.727273  0.799502 +
N_P_Q_S_s_x_md                        3  0.671278  0.305897  0.317310
                                         0.017800  0.520000  0.100000

Using mrg_usr_sys.cf:
X-Bogosity: Ham, tests=bogofilter, spamicity=0.267356
                                      n    pgood     pbad      fw     U
"system_low"                         11  0.818182  0.181818  0.182365 +
"common"                             21  1.545455  0.363636  0.190755 +
"ignore"                             21  1.545455  0.363636  0.190755 +
"user_low"                           10  0.727273  0.181818  0.200569 +
"message"                             0  0.000000  0.000000  0.520000 -
"word_hi"                             0  0.000000  0.000000  0.520000 -
"word_low"                            0  0.000000  0.000000  0.520000 -
"user_hi"                            10  0.181818  0.727273  0.799502 +
"system_hi"                          11  0.181818  0.818182  0.817700 +
N_P_Q_S_s_x_md                        6  0.760046  0.294759  0.267356
                                         0.017800  0.520000  0.100000

#### Update user using ign_usr_sys.cf ####


#### 2: score message using each wordlist ####

ignore:     X-Bogosity: Unsure, tests=bogofilter, spamicity=0.520000
system:     X-Bogosity: Ham, tests=bogofilter, spamicity=0.213252
user:       X-Bogosity: Ham, tests=bogofilter, spamicity=0.165188
wordlist:   X-Bogosity: Ham, tests=bogofilter, spamicity=0.246543

#### 2: score message using each config file ####

Using default.cf:
X-Bogosity: Ham, tests=bogofilter, spamicity=0.246543
                                      n    pgood     pbad      fw     U
"common"                              9  7.000000  2.000000  0.222810 +
"ignore"                              9  7.000000  2.000000  0.222810 +
"word_low"                            9  7.000000  2.000000  0.222810 +
"message"                             0  0.000000  0.000000  0.520000 -
"system_hi"                           0  0.000000  0.000000  0.520000 -
"system_low"                          0  0.000000  0.000000  0.520000 -
"user_hi"                             0  0.000000  0.000000  0.520000 -
"user_low"                            0  0.000000  0.000000  0.520000 -
"word_hi"                             9  2.000000  7.000000  0.777269 +
N_P_Q_S_s_x_md                        4  0.807830  0.300917  0.246543
                                         0.017800  0.520000  0.100000

Using ign_reg.cf:
X-Bogosity: Ham, tests=bogofilter, spamicity=0.346753
                                      n    pgood     pbad      fw     U
"common"                              9  7.000000  2.000000  0.222810 +
"word_low"                            9  7.000000  2.000000  0.222810 +
"ignore"                              0  --------  --------  0.520000 i
"message"                             0  0.000000  0.000000  0.520000 -
"system_hi"                           0  --------  --------  0.520000 i
"system_low"                          0  0.000000  0.000000  0.520000 -
"user_hi"                             0  0.000000  0.000000  0.520000 -
"user_low"                            0  --------  --------  0.520000 i
"word_hi"                             9  2.000000  7.000000  0.777269 +
N_P_Q_S_s_x_md                        3  0.675071  0.368576  0.346753
                                         0.017800  0.520000  0.100000

Using ign_usr_sys.cf:
X-Bogosity: Ham, tests=bogofilter, spamicity=0.101546
                                      n    pgood     pbad      fw     U
"message"                             1  0.083333  0.000000  0.009094 +
"common"                             22  1.500000  0.363636  0.195385 +
"system_low"                         11  0.750000  0.181818  0.195647 +
"ignore"                              0  --------  --------  0.520000 i
"system_hi"                           0  --------  --------  0.520000 i
"user_low"                            0  --------  --------  0.520000 i
"word_hi"                             0  0.000000  0.000000  0.520000 -
"word_low"                            0  0.000000  0.000000  0.520000 -
"user_hi"                            10  0.166667  0.727273  0.813038 +
N_P_Q_S_s_x_md                        4  0.834638  0.037730  0.101546
                                         0.017800  0.520000  0.100000

Using mrg_usr_sys.cf:
X-Bogosity: Ham, tests=bogofilter, spamicity=0.105029
                                      n    pgood     pbad      fw     U
"message"                             1  0.083333  0.000000  0.009094 +
"common"                             22  1.500000  0.363636  0.195385 +
"ignore"                             22  1.500000  0.363636  0.195385 +
"system_low"                         11  0.750000  0.181818  0.195647 +
"user_low"                           10  0.666667  0.181818  0.214829 +
"word_hi"                             0  0.000000  0.000000  0.520000 -
"word_low"                            0  0.000000  0.000000  0.520000 -
"user_hi"                            10  0.166667  0.727273  0.813038 +
"system_hi"                          11  0.166667  0.818182  0.830267 +
N_P_Q_S_s_x_md                        7  0.849305  0.059363  0.105029
                                         0.017800  0.520000  0.100000

